// Jest Snapshot v1, https://goo.gl/fbAQLP

exports[`I have a folder with .feature files I dry-run command â€˜printâ€™ it generates expected output to the console 1`] = `
"featurebook v3.0.0-b.9 pdf:
[90m..\\..\\test\\print-features\\dist\\pdf\\specification.pdf[39m
done.
"
`;
