// Jest Snapshot v1, https://goo.gl/fbAQLP

exports[`I have a folder with .feature files I run command ‘scrum’ it generates expected output to the console 1`] = `
"featurebook v3.0.0-b.6 scrum:


┌─────────────────────────────────────────────┐
│                 [1mundefined [22m                  │
│              [36mfeatures[39m[36m - brief[39m               │
├─────────────────────────────────────────────┤
│ Sprint      Feature title  Plane  Status    │
├─────────────────────────────────────────────┤
│ [35m› S1[39m        [32mAct 1 Scene 1[39m         I#11      │
│ [37m2022-10-31[39m                                  │
│ [37m2022-11-30[39m                        [34m!proposed[39m │
│                                             │
├─────────────────────────────────────────────┤
│ [35m› S1[39m        [32mAct 1 Scene 2[39m         I#12      │
│ [37m2022-10-31[39m                                  │
│ [37m2022-11-30[39m                        [34m!proposed[39m │
│                                             │
├─────────────────────────────────────────────┤
│ [35m› S1[39m        [32mAct 1 Scene 3[39m         I#13      │
│ [37m2022-10-31[39m                                  │
│ [37m2022-11-30[39m                        [34m!proposed[39m │
│                                             │
├─────────────────────────────────────────────┤
│ [35m› S1[39m        [32mAct 1 Scene 4[39m         I#14      │
│ [37m2022-10-31[39m                                  │
│ [37m2022-11-30[39m                        [34m!proposed[39m │
│                                             │
├─────────────────────────────────────────────┤
│ [35m› S1[39m        [32mAct 1 Scene 5[39m         I#15      │
│ [37m2022-10-31[39m                                  │
│ [37m2022-11-30[39m                        [34m!proposed[39m │
│                                             │
├─────────────────────────────────────────────┤
│ [35m› S1[39m        [32mhome.page[39m             I#314     │
│ [37m2022-10-31[39m                                  │
│ [37m2022-11-30[39m                        [34m!proposed[39m │
│                                             │
└─────────────────────────────────────────────┘

"
`;
